Release 14.7 - xst P.20131013 (nt64)
Copyright (c) 1995-2013 Xilinx, Inc.  All rights reserved.
--> Parameter TMPDIR set to xst/projnav.tmp


Total REAL time to Xst completion: 0.00 secs
Total CPU time to Xst completion: 0.10 secs
 
--> Parameter xsthdpdir set to xst


Total REAL time to Xst completion: 0.00 secs
Total CPU time to Xst completion: 0.10 secs
 
--> Reading design: final_topmodule.prj

TABLE OF CONTENTS
  1) Synthesis Options Summary
  2) HDL Parsing
  3) HDL Elaboration
  4) HDL Synthesis
       4.1) HDL Synthesis Report
  5) Advanced HDL Synthesis
       5.1) Advanced HDL Synthesis Report
  6) Low Level Synthesis
  7) Partition Report
  8) Design Summary
       8.1) Primitive and Black Box Usage
       8.2) Device utilization summary
       8.3) Partition Resource Summary
       8.4) Timing Report
            8.4.1) Clock Information
            8.4.2) Asynchronous Control Signals Information
            8.4.3) Timing Summary
            8.4.4) Timing Details
            8.4.5) Cross Clock Domains Report


=========================================================================
*                      Synthesis Options Summary                        *
=========================================================================
---- Source Parameters
Input File Name                    : "final_topmodule.prj"
Ignore Synthesis Constraint File   : NO

---- Target Parameters
Output File Name                   : "final_topmodule"
Output Format                      : NGC
Target Device                      : xc7a100t-1-csg324

---- Source Options
Top Module Name                    : final_topmodule
Automatic FSM Extraction           : YES
FSM Encoding Algorithm             : Auto
Safe Implementation                : No
FSM Style                          : LUT
RAM Extraction                     : Yes
RAM Style                          : Auto
ROM Extraction                     : Yes
Shift Register Extraction          : YES
ROM Style                          : Auto
Resource Sharing                   : YES
Asynchronous To Synchronous        : NO
Shift Register Minimum Size        : 2
Use DSP Block                      : Auto
Automatic Register Balancing       : No

---- Target Options
LUT Combining                      : Auto
Reduce Control Sets                : Auto
Add IO Buffers                     : YES
Global Maximum Fanout              : 100000
Add Generic Clock Buffer(BUFG)     : 32
Register Duplication               : YES
Optimize Instantiated Primitives   : NO
Use Clock Enable                   : Auto
Use Synchronous Set                : Auto
Use Synchronous Reset              : Auto
Pack IO Registers into IOBs        : Auto
Equivalent register Removal        : YES

---- General Options
Optimization Goal                  : Speed
Optimization Effort                : 1
Power Reduction                    : NO
Keep Hierarchy                     : No
Netlist Hierarchy                  : As_Optimized
RTL Output                         : Yes
Global Optimization                : AllClockNets
Read Cores                         : NO
Write Timing Constraints           : NO
Cross Clock Analysis               : NO
Hierarchy Separator                : /
Bus Delimiter                      : <>
Case Specifier                     : Maintain
Slice Utilization Ratio            : 100
BRAM Utilization Ratio             : 100
DSP48 Utilization Ratio            : 100
Auto BRAM Packing                  : NO
Slice Utilization Ratio Delta      : 5

=========================================================================


=========================================================================
*                          HDL Parsing                                  *
=========================================================================
Parsing VHDL file "C:\Users\Manasa Kiran\Documents\GitHub\RO_PUF\PUF\ROwithPUF.vhd" into library work
Parsing entity <RO>.
Parsing architecture <Behavioral> of entity <ro>.
Parsing VHDL file "C:\Users\Manasa Kiran\Documents\GitHub\RO_PUF\PUF\puf_design.vhd" into library work
Parsing entity <puf_design>.
Parsing architecture <Behavioral> of entity <puf_design>.
Parsing VHDL file "C:\Users\Manasa Kiran\Documents\GitHub\RO_PUF\PUF\OSC_sel.vhd" into library work
Parsing entity <OSC_sel>.
Parsing architecture <Behavioral> of entity <osc_sel>.
Parsing VHDL file "C:\Users\Manasa Kiran\Documents\Hardware Security\lab0_code\rc5\Hex2SevenSegConverter.vhd" into library work
Parsing entity <Hex2LED>.
Parsing architecture <Behavioral> of entity <hex2led>.
Parsing VHDL file "C:\Users\Manasa Kiran\Documents\GitHub\RO_PUF\PUF\freq_counter.vhd" into library work
Parsing entity <freq_counter>.
Parsing architecture <Behavioral> of entity <freq_counter>.
Parsing VHDL file "C:\Users\Manasa Kiran\Documents\GitHub\RO_PUF\PUF\final_topmodule.vhd" into library work
Parsing entity <final_topmodule>.
Parsing architecture <Behavioral> of entity <final_topmodule>.

=========================================================================
*                            HDL Elaboration                            *
=========================================================================

Elaborating entity <final_topmodule> (architecture <Behavioral>) from library <work>.

Elaborating entity <freq_counter> (architecture <Behavioral>) from library <work>.

Elaborating entity <OSC_sel> (architecture <Behavioral>) from library <work>.

Elaborating entity <puf_design> (architecture <Behavioral>) from library <work>.

Elaborating entity <RO> (architecture <Behavioral>) with generics from library <work>.
WARNING:HDLCompiler:92 - "C:\Users\Manasa Kiran\Documents\GitHub\RO_PUF\PUF\freq_counter.vhd" Line 62: slow_clk should be on the sensitivity list of the process
WARNING:HDLCompiler:92 - "C:\Users\Manasa Kiran\Documents\GitHub\RO_PUF\PUF\freq_counter.vhd" Line 74: counter1 should be on the sensitivity list of the process
WARNING:HDLCompiler:92 - "C:\Users\Manasa Kiran\Documents\GitHub\RO_PUF\PUF\freq_counter.vhd" Line 75: counter1 should be on the sensitivity list of the process
WARNING:HDLCompiler:92 - "C:\Users\Manasa Kiran\Documents\GitHub\RO_PUF\PUF\freq_counter.vhd" Line 91: counter2 should be on the sensitivity list of the process
WARNING:HDLCompiler:92 - "C:\Users\Manasa Kiran\Documents\GitHub\RO_PUF\PUF\freq_counter.vhd" Line 92: counter2 should be on the sensitivity list of the process
WARNING:HDLCompiler:92 - "C:\Users\Manasa Kiran\Documents\GitHub\RO_PUF\PUF\freq_counter.vhd" Line 106: counter1 should be on the sensitivity list of the process
ERROR:HDLCompiler:1401 - "C:\Users\Manasa Kiran\Documents\GitHub\RO_PUF\PUF\freq_counter.vhd" Line 69: Signal counter1[19] in unit freq_counter is connected to following multiple drivers:
Driver 0: output signal counter1[19] of instance Latch (counter1[19]).
Driver 1: output signal counter1[19] of instance Latch (_i000017).
Driver 0: output signal counter1[18] of instance Latch (counter1[18]).
Driver 1: output signal counter1[18] of instance Latch (_i000018).
Driver 0: output signal counter1[17] of instance Latch (counter1[17]).
Driver 1: output signal counter1[17] of instance Latch (_i000019).
Driver 0: output signal counter1[16] of instance Latch (counter1[16]).
Driver 1: output signal counter1[16] of instance Latch (_i000020).
Driver 0: output signal counter1[15] of instance Latch (counter1[15]).
Driver 1: output signal counter1[15] of instance Latch (_i000021).
Driver 0: output signal counter1[14] of instance Latch (counter1[14]).
Driver 1: output signal counter1[14] of instance Latch (_i000022).
Driver 0: output signal counter1[13] of instance Latch (counter1[13]).
Driver 1: output signal counter1[13] of instance Latch (_i000023).
Driver 0: output signal counter1[12] of instance Latch (counter1[12]).
Driver 1: output signal counter1[12] of instance Latch (_i000024).
Driver 0: output signal counter1[11] of instance Latch (counter1[11]).
Driver 1: output signal counter1[11] of instance Latch (_i000025).
Driver 0: output signal counter1[10] of instance Latch (counter1[10]).
Driver 1: output signal counter1[10] of instance Latch (_i000026).
Driver 0: output signal counter1[9] of instance Latch (counter1[9]).
Driver 1: output signal counter1[9] of instance Latch (_i000027).
Driver 0: output signal counter1[8] of instance Latch (counter1[8]).
Driver 1: output signal counter1[8] of instance Latch (_i000028).
Driver 0: output signal counter1[7] of instance Latch (counter1[7]).
Driver 1: output signal counter1[7] of instance Latch (_i000029).
Driver 0: output signal counter1[6] of instance Latch (counter1[6]).
Driver 1: output signal counter1[6] of instance Latch (_i000030).
Driver 0: output signal counter1[5] of instance Latch (counter1[5]).
Driver 1: output signal counter1[5] of instance Latch (_i000031).
Driver 0: output signal counter1[4] of instance Latch (counter1[4]).
Driver 1: output signal counter1[4] of instance Latch (_i000032).
Driver 0: output signal counter1[3] of instance Latch (counter1[3]).
Driver 1: output signal counter1[3] of instance Latch (_i000033).
Driver 0: output signal counter1[2] of instance Latch (counter1[2]).
Driver 1: output signal counter1[2] of instance Latch (_i000034).
Driver 0: output signal counter1[1] of instance Latch (counter1[1]).
Driver 1: output signal counter1[1] of instance Latch (_i000035).
Driver 0: output signal counter1[0] of instance Latch (counter1[0]).
Driver 1: output signal counter1[0] of instance Latch (_i000036).
ERROR:HDLCompiler:1401 - "C:\Users\Manasa Kiran\Documents\GitHub\RO_PUF\PUF\freq_counter.vhd" Line 85: Signal counter2[19] in unit freq_counter is connected to following multiple drivers:
Driver 0: output signal counter2[19] of instance Latch (counter2[19]).
Driver 1: output signal counter2[19] of instance Latch (_i000037).
Driver 0: output signal counter2[18] of instance Latch (counter2[18]).
Driver 1: output signal counter2[18] of instance Latch (_i000038).
Driver 0: output signal counter2[17] of instance Latch (counter2[17]).
Driver 1: output signal counter2[17] of instance Latch (_i000039).
Driver 0: output signal counter2[16] of instance Latch (counter2[16]).
Driver 1: output signal counter2[16] of instance Latch (_i000040).
Driver 0: output signal counter2[15] of instance Latch (counter2[15]).
Driver 1: output signal counter2[15] of instance Latch (_i000041).
Driver 0: output signal counter2[14] of instance Latch (counter2[14]).
Driver 1: output signal counter2[14] of instance Latch (_i000042).
Driver 0: output signal counter2[13] of instance Latch (counter2[13]).
Driver 1: output signal counter2[13] of instance Latch (_i000043).
Driver 0: output signal counter2[12] of instance Latch (counter2[12]).
Driver 1: output signal counter2[12] of instance Latch (_i000044).
Driver 0: output signal counter2[11] of instance Latch (counter2[11]).
Driver 1: output signal counter2[11] of instance Latch (_i000045).
Driver 0: output signal counter2[10] of instance Latch (counter2[10]).
Driver 1: output signal counter2[10] of instance Latch (_i000046).
Driver 0: output signal counter2[9] of instance Latch (counter2[9]).
Driver 1: output signal counter2[9] of instance Latch (_i000047).
Driver 0: output signal counter2[8] of instance Latch (counter2[8]).
Driver 1: output signal counter2[8] of instance Latch (_i000048).
Driver 0: output signal counter2[7] of instance Latch (counter2[7]).
Driver 1: output signal counter2[7] of instance Latch (_i000049).
Driver 0: output signal counter2[6] of instance Latch (counter2[6]).
Driver 1: output signal counter2[6] of instance Latch (_i000050).
Driver 0: output signal counter2[5] of instance Latch (counter2[5]).
Driver 1: output signal counter2[5] of instance Latch (_i000051).
Driver 0: output signal counter2[4] of instance Latch (counter2[4]).
Driver 1: output signal counter2[4] of instance Latch (_i000052).
Driver 0: output signal counter2[3] of instance Latch (counter2[3]).
Driver 1: output signal counter2[3] of instance Latch (_i000053).
Driver 0: output signal counter2[2] of instance Latch (counter2[2]).
Driver 1: output signal counter2[2] of instance Latch (_i000054).
Driver 0: output signal counter2[1] of instance Latch (counter2[1]).
Driver 1: output signal counter2[1] of instance Latch (_i000055).
Driver 0: output signal counter2[0] of instance Latch (counter2[0]).
Driver 1: output signal counter2[0] of instance Latch (_i000056).
Driver 0: output signal finish1 of instance Latch (finish1).
Driver 1: output signal finish1 of instance Latch (_i000015).
Driver 0: output signal finish2 of instance Latch (finish2).
Driver 1: output signal finish2 of instance Latch (_i000016).
Netlist final_topmodule(Behavioral) remains a blackbox, due to errors in its contents
--> 

Total memory usage is 291028 kilobytes

Number of errors   :    2 (   0 filtered)
Number of warnings :    6 (   0 filtered)
Number of infos    :    0 (   0 filtered)

